current directory: /home/runner/workspace/vendor/bundle/ruby/3.2.0/gems/json-2.19.5/ext/json/ext/parser
/nix/store/2bpi29al123830q6p1z86rrf5j25pxdw-ruby-3.2.2/bin/ruby extconf.rb
checking for rb_enc_interned_str() in ruby/encoding.h... yes
checking for rb_str_to_interned_str() in ruby.h... yes
checking for rb_hash_new_capa() in ruby.h... yes
checking for rb_hash_bulk_insert() in ruby.h... yes
checking for RUBY_TYPED_EMBEDDABLE in ruby.h... no
checking for whether -std=c99 is accepted as CFLAGS... yes
checking for x86intrin.h... yes
checking for cpuid.h... yes
creating Makefile

current directory: /home/runner/workspace/vendor/bundle/ruby/3.2.0/gems/json-2.19.5/ext/json/ext/parser
make DESTDIR\= sitearchdir\=./.gem.20260611-2068-laeq5y sitelibdir\=./.gem.20260611-2068-laeq5y clean

current directory: /home/runner/workspace/vendor/bundle/ruby/3.2.0/gems/json-2.19.5/ext/json/ext/parser
make DESTDIR\= sitearchdir\=./.gem.20260611-2068-laeq5y sitelibdir\=./.gem.20260611-2068-laeq5y
compiling parser.c
linking shared-object json/ext/parser.so

current directory: /home/runner/workspace/vendor/bundle/ruby/3.2.0/gems/json-2.19.5/ext/json/ext/parser
make DESTDIR\= sitearchdir\=./.gem.20260611-2068-laeq5y sitelibdir\=./.gem.20260611-2068-laeq5y install
install -c -p -m 755 parser.so ./.gem.20260611-2068-laeq5y/json/ext

current directory: /home/runner/workspace/vendor/bundle/ruby/3.2.0/gems/json-2.19.5/ext/json/ext/parser
make DESTDIR\= sitearchdir\=./.gem.20260611-2068-laeq5y sitelibdir\=./.gem.20260611-2068-laeq5y clean
