current directory: /home/runner/workspace/vendor/bundle/ruby/3.2.0/gems/psych-5.3.1/ext/psych
/nix/store/2bpi29al123830q6p1z86rrf5j25pxdw-ruby-3.2.2/bin/ruby extconf.rb
checking for yaml.h... yes
checking for yaml_get_version() in -lyaml... yes
creating Makefile

current directory: /home/runner/workspace/vendor/bundle/ruby/3.2.0/gems/psych-5.3.1/ext/psych
make DESTDIR\= sitearchdir\=./.gem.20260611-4335-eyd73w sitelibdir\=./.gem.20260611-4335-eyd73w clean
cd libyaml && make clean
/bin/sh: 1: cd: can't cd to libyaml
make: [Makefile:283: clean-so] Error 2 (ignored)

current directory: /home/runner/workspace/vendor/bundle/ruby/3.2.0/gems/psych-5.3.1/ext/psych
make DESTDIR\= sitearchdir\=./.gem.20260611-4335-eyd73w sitelibdir\=./.gem.20260611-4335-eyd73w
compiling psych.c
compiling psych_emitter.c
compiling psych_parser.c
compiling psych_to_ruby.c
compiling psych_yaml_tree.c
linking shared-object psych.so

current directory: /home/runner/workspace/vendor/bundle/ruby/3.2.0/gems/psych-5.3.1/ext/psych
make DESTDIR\= sitearchdir\=./.gem.20260611-4335-eyd73w sitelibdir\=./.gem.20260611-4335-eyd73w install
install -c -p -m 755 psych.so ./.gem.20260611-4335-eyd73w

current directory: /home/runner/workspace/vendor/bundle/ruby/3.2.0/gems/psych-5.3.1/ext/psych
make DESTDIR\= sitearchdir\=./.gem.20260611-4335-eyd73w sitelibdir\=./.gem.20260611-4335-eyd73w clean
cd libyaml && make clean
/bin/sh: 1: cd: can't cd to libyaml
make: [Makefile:283: clean-so] Error 2 (ignored)
