current directory: /home/runner/workspace/vendor/bundle/ruby/3.2.0/gems/date-3.5.1/ext/date
/nix/store/2bpi29al123830q6p1z86rrf5j25pxdw-ruby-3.2.2/bin/ruby extconf.rb
checking for rb_category_warn()... yes
checking for timezone in time.h with  -Werror... yes
checking for altzone in time.h with  -Werror... no
creating Makefile

current directory: /home/runner/workspace/vendor/bundle/ruby/3.2.0/gems/date-3.5.1/ext/date
make DESTDIR\= sitearchdir\=./.gem.20260611-993-7zepy sitelibdir\=./.gem.20260611-993-7zepy clean

current directory: /home/runner/workspace/vendor/bundle/ruby/3.2.0/gems/date-3.5.1/ext/date
make DESTDIR\= sitearchdir\=./.gem.20260611-993-7zepy sitelibdir\=./.gem.20260611-993-7zepy
compiling date_core.c
compiling date_parse.c
compiling date_strftime.c
compiling date_strptime.c
linking shared-object date_core.so

current directory: /home/runner/workspace/vendor/bundle/ruby/3.2.0/gems/date-3.5.1/ext/date
make DESTDIR\= sitearchdir\=./.gem.20260611-993-7zepy sitelibdir\=./.gem.20260611-993-7zepy install
install -c -p -m 755 date_core.so ./.gem.20260611-993-7zepy

current directory: /home/runner/workspace/vendor/bundle/ruby/3.2.0/gems/date-3.5.1/ext/date
make DESTDIR\= sitearchdir\=./.gem.20260611-993-7zepy sitelibdir\=./.gem.20260611-993-7zepy clean
