current directory: /home/runner/workspace/vendor/bundle/ruby/3.2.0/gems/io-console-0.8.2/ext/io/console
/nix/store/2bpi29al123830q6p1z86rrf5j25pxdw-ruby-3.2.2/bin/ruby extconf.rb
checking for rb_syserr_fail_str(0, Qnil)... yes
checking for rb_interned_str_cstr()... yes
checking for rb_io_path() in ruby/io.h... no
checking for rb_io_descriptor() in ruby/io.h... yes
checking for rb_io_get_write_io() in ruby/io.h... yes
checking for rb_io_closed_p() in ruby/io.h... no
checking for rb_io_open_descriptor() in ruby/io.h... no
checking for rb_ractor_local_storage_value_newkey()... yes
checking for termios.h... yes
checking for cfmakeraw() in termios.h... yes
checking for sys/ioctl.h... yes
checking for HAVE_RUBY_FIBER_SCHEDULER_H... yes
checking for ttyname_r()... yes
creating Makefile

current directory: /home/runner/workspace/vendor/bundle/ruby/3.2.0/gems/io-console-0.8.2/ext/io/console
make DESTDIR\= sitearchdir\=./.gem.20260611-2068-o5qygn sitelibdir\=./.gem.20260611-2068-o5qygn clean

current directory: /home/runner/workspace/vendor/bundle/ruby/3.2.0/gems/io-console-0.8.2/ext/io/console
make DESTDIR\= sitearchdir\=./.gem.20260611-2068-o5qygn sitelibdir\=./.gem.20260611-2068-o5qygn
compiling console.c
linking shared-object io/console.so

current directory: /home/runner/workspace/vendor/bundle/ruby/3.2.0/gems/io-console-0.8.2/ext/io/console
make DESTDIR\= sitearchdir\=./.gem.20260611-2068-o5qygn sitelibdir\=./.gem.20260611-2068-o5qygn install
install -c -p -m 755 console.so ./.gem.20260611-2068-o5qygn/io

current directory: /home/runner/workspace/vendor/bundle/ruby/3.2.0/gems/io-console-0.8.2/ext/io/console
make DESTDIR\= sitearchdir\=./.gem.20260611-2068-o5qygn sitelibdir\=./.gem.20260611-2068-o5qygn clean
